[themazine.com/html/b2b/index.html]
[backblue.gif]
[fade.gif]
[index.html]
[themazine.com/html/b2b/images/fav-icon/icon.png]
[themazine.com/html/b2b/index-2.html]
[themazine.com/html/b2b/images/logo/logo.png]
[themazine.com/html/b2b/index-3.html]
[themazine.com/html/b2b/index-4.html]
[themazine.com/html/b2b/index-5.html]
[themazine.com/html/b2b/about-us-v1.html]
[themazine.com/html/b2b/about-us-v2.html]
[themazine.com/html/b2b/service-v1.html]
[themazine.com/html/b2b/service-v2.html]
[themazine.com/html/b2b/service-details.html]
[themazine.com/html/b2b/project.html]
[themazine.com/html/b2b/project-details.html]
[themazine.com/html/b2b/team.html]
[themazine.com/html/b2b/404.html]
[themazine.com/html/b2b/news-v1.html]
[themazine.com/html/b2b/news-v2.html]
[themazine.com/html/b2b/news-details.html]
[themazine.com/html/b2b/contact-us.html]
[themazine.com/html/b2b/images/home/slide-1.jpg]
[themazine.com/html/b2b/images/home/slide-2.jpg]
[themazine.com/html/b2b/images/home/slide-3.jpg]
[themazine.com/html/b2b/images/home/2.jpg]
[themazine.com/html/b2b/images/home/3.jpg]
[themazine.com/html/b2b/images/home/c-1.jpg]
[themazine.com/html/b2b/images/home/c-2.jpg]
[themazine.com/html/b2b/images/home/c-3.jpg]
[themazine.com/html/b2b/images/home/6.jpg]
[themazine.com/html/b2b/images/blog/1.jpg]
[themazine.com/html/b2b/images/blog/2.jpg]
[themazine.com/html/b2b/images/blog/3.jpg]
[themazine.com/html/b2b/images/blog/4.jpg]
[themazine.com/html/b2b/images/logo/l-1.png]
[themazine.com/html/b2b/images/logo/l-2.png]
[themazine.com/html/b2b/images/logo/l-3.png]
[themazine.com/html/b2b/images/logo/l-4.png]
[themazine.com/html/b2b/images/logo/l-5.png]
[themazine.com/html/b2b/images/blog/5.jpg]
[themazine.com/html/b2b/images/blog/6.jpg]
[themazine.com/html/b2b/images/blog/7.jpg]
[themazine.com/html/b2b/images/blog/8.jpg]
[themazine.com/html/b2b/vendor/jquery-2.1.4.js]
[themazine.com/html/b2b/vendor/bootstrap/bootstrap.min.js]
[themazine.com/html/b2b/vendor/Camera-master/scripts/jquery.mobile.customized.min.js]
[themazine.com/html/b2b/vendor/Camera-master/scripts/jquery.easing.1.3.js]
[themazine.com/html/b2b/vendor/Camera-master/scripts/camera.min.js]
[themazine.com/html/b2b/vendor/WOW-master/dist/wow.min.js]
[themazine.com/html/b2b/vendor/owl-carousel/owl.carousel.min.js]
[themazine.com/html/b2b/js/theme.js]
[themazine.com/html/b2b/index.html]
[themazine.com/html/b2b/fonts/font-awesome/fonts/fontawesome-webfont.ttf]
[themazine.com/html/b2b/fonts/font-awesome/fonts/fontawesome-webfont.eot]
[themazine.com/html/b2b/fonts/font-awesome/fonts/fontawesome-webfont.woff2]
[themazine.com/html/b2b/fonts/font-awesome/fonts/fontawesome-webfont.woff]
[themazine.com/html/b2b/images/home/1.jpg]
[themazine.com/html/b2b/images/home/4.jpg]
[themazine.com/html/b2b/images/home/5.jpg]
[themazine.com/html/b2b/images/home/7.jpg]
[themazine.com/html/b2b/images/inner-page/1.jpg]
[themazine.com/html/b2b/images/inner-page/3.jpg]
[themazine.com/html/b2b/css/style.css]
[themazine.com/html/b2b/css/responsive.css]
[themazine.com/html/b2b/index-2.html]
[themazine.com/html/b2b/images/home/slide-4.jpg]
[themazine.com/html/b2b/images/home/3.1.jpg]
[themazine.com/html/b2b/images/home/8.jpg]
[themazine.com/html/b2b/images/home/9.jpg]
[themazine.com/html/b2b/images/home/10.jpg]
[themazine.com/html/b2b/images/home/6.1.jpg]
[themazine.com/html/b2b/index-3.html]
[themazine.com/html/b2b/images/home/2.1.jpg]
[themazine.com/html/b2b/images/home/6.2.jpg]
[themazine.com/html/b2b/index-4.html]
[themazine.com/html/b2b/video/4.jpg]
[themazine.com/html/b2b/index-5.html]
[themazine.com/html/b2b/about-us-v1.html]
[themazine.com/html/b2b/about-us-v2.html]
[themazine.com/html/b2b/images/inner-page/2.jpg]
[themazine.com/html/b2b/service-v1.html]
[themazine.com/html/b2b/service-v2.html]
[themazine.com/html/b2b/images/inner-page/4.jpg]
[themazine.com/html/b2b/images/inner-page/4.1.jpg]
[themazine.com/html/b2b/images/inner-page/4.2.jpg]
[themazine.com/html/b2b/images/inner-page/5.jpg]
[themazine.com/html/b2b/vendor/canvasjs/jquery.canvasjs.min.js]
[themazine.com/html/b2b/vendor/chartjs/dist/Chart.min.js]
[themazine.com/html/b2b/service-details.html]
[themazine.com/html/b2b/images/project/1.jpg]
[themazine.com/html/b2b/images/project/2.jpg]
[themazine.com/html/b2b/images/project/3.jpg]
[themazine.com/html/b2b/images/project/4.jpg]
[themazine.com/html/b2b/images/project/5.jpg]
[themazine.com/html/b2b/images/project/6.jpg]
[themazine.com/html/b2b/images/project/7.jpg]
[themazine.com/html/b2b/images/project/8.jpg]
[themazine.com/html/b2b/project.html]
[themazine.com/html/b2b/images/inner-page/6.jpg]
[themazine.com/html/b2b/images/inner-page/6.1.jpg]
[themazine.com/html/b2b/images/inner-page/6.2.jpg]
[themazine.com/html/b2b/project-details.html]
[themazine.com/html/b2b/images/team/1.jpg]
[themazine.com/html/b2b/images/team/2.jpg]
[themazine.com/html/b2b/images/team/3.jpg]
[themazine.com/html/b2b/images/team/4.jpg]
[themazine.com/html/b2b/images/team/5.jpg]
[themazine.com/html/b2b/images/team/6.jpg]
[themazine.com/html/b2b/images/team/7.jpg]
[themazine.com/html/b2b/images/team/8.jpg]
[themazine.com/html/b2b/team.html]
[themazine.com/html/b2b/404.html]
[themazine.com/html/b2b/news-v1.html]
[themazine.com/html/b2b/images/blog/9.jpg]
[themazine.com/html/b2b/images/blog/10.jpg]
[themazine.com/html/b2b/images/blog/11.jpg]
[themazine.com/html/b2b/images/blog/12.jpg]
[themazine.com/html/b2b/images/blog/13.jpg]
[themazine.com/html/b2b/news-v2.html]
[themazine.com/html/b2b/images/blog/c1.jpg]
[themazine.com/html/b2b/images/blog/c2.jpg]
[themazine.com/html/b2b/images/blog/c3.jpg]
[themazine.com/html/b2b/images/blog/c4.jpg]
[themazine.com/html/b2b/news-details.html]
[themazine.com/html/b2b/vendor/contact-form/validate.js]
[themazine.com/html/b2b/vendor/contact-form/jquery.form.js]
[themazine.com/html/b2b/vendor/gmaps.min.js]
[themazine.com/html/b2b/js/map-script.js]
[themazine.com/html/b2b/contact-us.html]
[themazine.com/html/b2b/vendor/bootstrap/bootstrap.css]
[themazine.com/html/b2b/vendor/Camera-master/images/blank.gif]
[themazine.com/html/b2b/vendor/Camera-master/images/camera-loader.gif]
[themazine.com/html/b2b/vendor/Camera-master/images/camera_skins.png]
[themazine.com/html/b2b/vendor/Camera-master/css/camera.css]
[themazine.com/html/b2b/fonts/font-awesome/fonts/fontawesome-webfont914c.eot]
[themazine.com/html/b2b/fonts/font-awesome/fonts/fontawesome-webfontd41d.eot]
[themazine.com/html/b2b/fonts/font-awesome/fonts/fontawesome-webfont914c.woff2]
[themazine.com/html/b2b/fonts/font-awesome/fonts/fontawesome-webfont914c.woff]
[themazine.com/html/b2b/fonts/font-awesome/fonts/fontawesome-webfont914c.ttf]
[themazine.com/html/b2b/fonts/font-awesome/css/font-awesome.min.css]
[themazine.com/html/b2b/vendor/owl-carousel/owl.carousel.css]
[themazine.com/html/b2b/vendor/owl-carousel/owl.theme.css]
[themazine.com/html/b2b/vendor/WOW-master/css/libs/animate.css]
[themazine.com/html/b2b/vendor/hover.css]
[themazine.com/html/b2b/fonts/font-awesome/fonts/fontawesome-webfont.svg]
[themazine.com/html/b2b/vendor/fonts/glyphicons-halflings-regular.html]
[themazine.com/html/b2b/vendor/fonts/glyphicons-halflings-regulard41d.html]
[themazine.com/html/b2b/vendor/fonts/glyphicons-halflings-regular-2.html]
[themazine.com/html/b2b/vendor/fonts/glyphicons-halflings-regular-3.html]
[themazine.com/html/b2b/vendor/fonts/glyphicons-halflings-regular-4.html]
[themazine.com/html/b2b/vendor/fonts/glyphicons-halflings-regular-5.html]
[themazine.com/html/b2b/vendor/Camera-master/images/patterns/overlay1.html]
[themazine.com/html/b2b/vendor/Camera-master/images/patterns/overlay2.html]
[themazine.com/html/b2b/vendor/Camera-master/images/patterns/overlay3.html]
[themazine.com/html/b2b/vendor/Camera-master/images/patterns/overlay4.html]
[themazine.com/html/b2b/vendor/Camera-master/images/patterns/overlay5.html]
[themazine.com/html/b2b/vendor/Camera-master/images/patterns/overlay6.html]
[themazine.com/html/b2b/vendor/Camera-master/images/patterns/overlay7.html]
[themazine.com/html/b2b/vendor/Camera-master/images/patterns/overlay8.html]
[themazine.com/html/b2b/vendor/Camera-master/images/patterns/overlay9.html]
[themazine.com/html/b2b/vendor/Camera-master/images/patterns/overlay10.html]
[themazine.com/html/b2b/fonts/font-awesome/fonts/fontawesome-webfont914c.svg]
[themazine.com/html/b2b/vendor/owl-carousel/owl.video.play.html]
